// Jest Snapshot v1, https://goo.gl/fbAQLP

exports[`JoinCreateRoom renders correctly 1`] = `
<div
  className="JoinCreateRoom-root-1"
>
  <div
    className="MuiPaper-root JoinCreateRoom-paper-4 MuiPaper-elevation1 MuiPaper-rounded"
  >
    <div
      className="MuiBox-root MuiBox-root-6"
    >
      <div
        className="MuiGrid-root JoinCreateRoom-mainMessageContainer-3 MuiGrid-container MuiGrid-direction-xs-column MuiGrid-align-items-xs-flex-start"
        style={
          Object {
            "minHeight": "100vh",
          }
        }
      >
        <div
          className="MuiGrid-root MuiGrid-item"
        >
          <div
            className="MuiContainer-root MuiContainer-maxWidthXs"
          >
            <h4
              className="MuiTypography-root MuiTypography-h4 MuiTypography-colorPrimary"
            >
              Join or Create a Room
            </h4>
            <div
              className="MuiFormControl-root MuiTextField-root MuiFormControl-marginNormal MuiFormControl-fullWidth"
            >
              <label
                className="MuiFormLabel-root MuiInputLabel-root MuiInputLabel-formControl MuiInputLabel-animated MuiInputLabel-shrink MuiInputLabel-outlined"
                data-shrink={true}
                htmlFor="roomID"
                id="roomID-label"
              >
                Input the ID of the room you would like to join
              </label>
              <div
                className="MuiInputBase-root MuiOutlinedInput-root MuiInputBase-fullWidth MuiInputBase-formControl"
                onClick={[Function]}
              >
                <input
                  aria-invalid={false}
                  autoComplete="roomID"
                  autoFocus={true}
                  className="MuiInputBase-input MuiOutlinedInput-input"
                  disabled={false}
                  id="roomID"
                  maxLength={20}
                  name="roomID"
                  onAnimationStart={[Function]}
                  onBlur={[Function]}
                  onChange={[Function]}
                  onFocus={[Function]}
                  required={false}
                  type="text"
                  value=""
                />
                <fieldset
                  aria-hidden={true}
                  className="PrivateNotchedOutline-root-7 MuiOutlinedInput-notchedOutline"
                >
                  <legend
                    className="PrivateNotchedOutline-legendLabelled-9 PrivateNotchedOutline-legendNotched-10"
                  >
                    <span>
                      Input the ID of the room you would like to join
                    </span>
                  </legend>
                </fieldset>
              </div>
              
            </div>
            <button
              className="MuiButtonBase-root MuiButton-root MuiButton-text"
              disabled={false}
              onBlur={[Function]}
              onDragLeave={[Function]}
              onFocus={[Function]}
              onKeyDown={[Function]}
              onKeyUp={[Function]}
              onMouseDown={[Function]}
              onMouseLeave={[Function]}
              onMouseUp={[Function]}
              onTouchEnd={[Function]}
              onTouchMove={[Function]}
              onTouchStart={[Function]}
              tabIndex={0}
              type="button"
            >
              <span
                className="MuiButton-label"
              >
                <a
                  className="MuiTypography-root MuiLink-root MuiLink-underlineHover MuiTypography-colorPrimary"
                  onBlur={[Function]}
                  onClick={[Function]}
                  onFocus={[Function]}
                >
                  <h6
                    className="MuiTypography-root MuiTypography-h6"
                  >
                    Join an existing Room
                  </h6>
                </a>
              </span>
            </button>
            <div
              className="MuiFormControl-root MuiTextField-root MuiFormControl-marginNormal MuiFormControl-fullWidth"
            >
              <label
                className="MuiFormLabel-root MuiInputLabel-root MuiInputLabel-formControl MuiInputLabel-animated MuiInputLabel-shrink MuiInputLabel-outlined"
                data-shrink={true}
                htmlFor="roomName"
                id="roomName-label"
              >
                Input the name of the room you would like to create
              </label>
              <div
                className="MuiInputBase-root MuiOutlinedInput-root MuiInputBase-fullWidth MuiInputBase-formControl"
                onClick={[Function]}
              >
                <input
                  aria-invalid={false}
                  autoComplete="roomName"
                  autoFocus={true}
                  className="MuiInputBase-input MuiOutlinedInput-input"
                  disabled={false}
                  id="roomName"
                  maxLength={50}
                  name="roomName"
                  onAnimationStart={[Function]}
                  onBlur={[Function]}
                  onChange={[Function]}
                  onFocus={[Function]}
                  required={false}
                  type="text"
                  value=""
                />
                <fieldset
                  aria-hidden={true}
                  className="PrivateNotchedOutline-root-7 MuiOutlinedInput-notchedOutline"
                >
                  <legend
                    className="PrivateNotchedOutline-legendLabelled-9 PrivateNotchedOutline-legendNotched-10"
                  >
                    <span>
                      Input the name of the room you would like to create
                    </span>
                  </legend>
                </fieldset>
              </div>
              
            </div>
            <button
              className="MuiButtonBase-root MuiButton-root MuiButton-text"
              disabled={false}
              onBlur={[Function]}
              onDragLeave={[Function]}
              onFocus={[Function]}
              onKeyDown={[Function]}
              onKeyUp={[Function]}
              onMouseDown={[Function]}
              onMouseLeave={[Function]}
              onMouseUp={[Function]}
              onTouchEnd={[Function]}
              onTouchMove={[Function]}
              onTouchStart={[Function]}
              tabIndex={0}
              type="button"
            >
              <span
                className="MuiButton-label"
              >
                <a
                  className="MuiTypography-root MuiLink-root MuiLink-underlineHover MuiTypography-colorPrimary"
                  onBlur={[Function]}
                  onClick={[Function]}
                  onFocus={[Function]}
                >
                  <h6
                    className="MuiTypography-root MuiTypography-h6"
                  >
                    create a new room
                  </h6>
                </a>
              </span>
            </button>
          </div>
        </div>
      </div>
    </div>
  </div>
</div>
`;
